// Vitest Snapshot v1, https://vitest.dev/guide/snapshot.html

exports[`Card component > Card should match snapshot 1`] = `
<div>
  <div
    class="tia-p-6 tia-max-w-sm tia-rounded-xl tia-space-y-2 tia-text-gray-800" tia-bg-primary tia-shadow-lg"
    role="region"
  >
    <div
      class="tia-flex tia-items-center tia-space-x-2"
    />
    <div />
  </div>
</div>
`;
